   0
0  0
1  1
2  2
3  3
4  4
5  5
6  6
7  7
8  8
9  9

In [14]: b=['1231','324324','23432']

In [15]: b
Out[15]: ['1231', '324324', '23432']

In [16]: df=pd.DataFrame(b)

In [17]: df
Out[17]:
        0
0    1231
1  324324
2   23432

In [18]: df.iloc[0,0]
Out[18]: '1231'

In [19]: df=df.astype(float)

In [20]: df
Out[20]:
          0
0    1231.0
1  324324.0
2   23432.0

In [21]: df=df.astype(int)

In [22]: df
Out[22]:
        0
0    1231
1  324324
2   23432

In [23]: df.iloc[0,0]
Out[23]: 1231

In [24]: class a():
    ...:     CtrlB=object
    ...:

In [25]: obj=a()

In [26]: %run C:\Users\kc\Desktop\Jiawen_Zhou\ICR_Test\FS400_Final_Test_V2.0_06
    ...: 14_Eeprom\CtrlBoard.py

In [27]: open_board(obj,'com22')
b'fs400_stop_fs400_performance\nstop_fs400_performance\r\nshell> \r\nshell> \nsh
ell> fs400 read time over\r\nfs400 read time over\r\nfs400 read time over\r\n'
b'\r\nshell> \nshell> '
b'\r\nshell> \nshell> '
b'\r\nshell> \nshell> '
控制板通信正常！
Out[27]: True

In [28]: import serial

In [29]: serial.Serial.isOpen(obj.CtrlB)
Out[29]: True

In [30]: obj.CtrlB.write(b'fs400_drv_read 0x0401\n');time.sleep(0.2)

In [31]: obj.CtrlB.read_all()
Out[31]: b'fs400_drv_read 0x0401\nfs400 read time over\r\n\r\n0x0000 0x0000 0x00
00 0x0000 \r\nshell> '

In [32]: obj.CtrlB.write(b'fs400_drv_read 0x0401\n');time.sleep(0.2)

In [33]: obj.CtrlB.read_all()
Out[33]: b'fs400_drv_read 0x0401\n'

In [34]: obj.CtrlB.read_all()
Out[34]: b'fs400 read time over\r\n\r\n0x0000 0x0000 0x0000 0x0000 \r\nshell> '

In [35]: f1=r'C:\Users\kc\Desktop\Jiawen_Zhou\ICR_Test\FS400_Final_Test_V2.0_05
    ...: 27_ER_retest\Configuration\Setup_brdup_CtrlboardA001_20220113.txt'

In [36]: f2=r'C:\Users\kc\Desktop\Jiawen_Zhou\ICR_Test\FS400_Final_Test_V2.0_05
    ...: 27_ER_retest\Configuration\Setup_driverup_Ctrlboard56017837A002_202112
    ...: 03.txt'

In [37]: board_set(obj,f1)
b'slave_on\nshell> '
b'fs400_stop_fs400_performance\nstop_fs400_performance\r\nshell> '
b'cpld_spi_wr 0x31 1\nWrite CPLD 0x0031: 0x1\r\nok\r\nshell> '
b'fpga_spi_wr 0x8e 0 0x200\nWrite FPGA OK!.\r\nreg:0x008e=0x200(512).\r\nshell>
'
b'fpga_spi_wr 0x30 0 0x0\nWrite FPGA OK!.\r\nreg:0x0030=0x0(0).\r\nshell> '
b'fpga_spi_wr 0x31 0 0x4\nWrite FPGA OK!.\r\nreg:0x0031=0x4(4).\r\nshell> '
b'fpga_spi_wr 0x32 0 0x0\nWrite FPGA OK!.\r\nreg:0x0032=0x0(0).\r\nshell> '
b'fpga_spi_wr 0x33 0 0x0\nWrite FPGA OK!.\r\nreg:0x0033=0x0(0).\r\nshell> '
b'fpga_spi_wr 0x34 0 0x4\nWrite FPGA OK!.\r\nreg:0x0034=0x4(4).\r\nshell> '
b'fpga_spi_wr 0x35 0 0x0\nWrite FPGA OK!.\r\nreg:0x0035=0x0(0).\r\nshell> '
b'set_init_bias 1700 2500\nset bias_init_value to 1700\r\nset bias_threshold_val
ue to 2500\r\nshell> '
b'fpga_spi_wr 0x7c 0 1\nWrite FPGA OK!.\r\nreg:0x007c=0x1(1).\r\nshell> '
b'fpga_spi_wr 0x79 0x0064 0x0332\nWrite FPGA OK!.\r\nreg:0x0079=0x640332(6554418
).\r\nshell> '
b'fpga_spi_wr 0x78 0 0\nWrite FPGA OK!.\r\nreg:0x0078=0x0(0).\r\nshell> '
b'fpga_spi_wr 0x78 0 1\nWrite FPGA OK!.\r\nreg:0x0078=0x1(1).\r\nshell> '
b'itla_wr 0 0x32 0\n'
b'Write itla OK!.\r\nreg:0x32=0x0.\r\nshell> itla_wr 0 0x34 0x02ee\nWrite itla O
K!.\r\nreg:0x34=0x2ee.\r\nshell> '
b'itla_wr 0 0x35 0xbf\n'
b'Write itla OK!.\r\nreg:0x35=0xbf.\r\nshell> itla_wr 0 0x36 3125\nWrite itla OK
!.\r\nreg:0x36=0xc35.\r\nshell> '
b'itla_wr 0 0x31 0x5dc\nWrite itla OK!.\r\nreg:0x31=0x5dc.\r\nshell> '
b'itla_wr 0 0x32 0x08\nitla write 0x32 wait for pending \r\nnop read pending dat
a:0x01\r\nnop read pending data:0x01\r\nnop read pending data:0x01\r\nnop read p
ending data:0x01\r\nnop read pending data:0x01\r\nnop read pending data:0x01\r\n
nop read pending data:0x01\r\nnop read pending data:0x01\r\nnop read pending dat
a:0x01\r\nnop read pending data:0x01\r\nnop read pending data:0x01\r\nnop read p
ending data:0x01\r\nnop read pending data:0x01\r\nnop read pending data:0x01\r\n
nop read pending data:0x01\r\nnop read pending data:0x01\r\nnop read pending dat
a:0x01\r\nnop read pending data:0x01\r\nnop read pending data:0x01\r\nnop read p
ending data:0x01\r\nnop read pending data:0x01\r\nnop read pending data:0x01\r\n
nop read pending data:0x01\r\nnop read pending data:0x01\r\nnop read pending dat
a:0x01\r\nnop read pending data:0x01\r\nnop read pending data:0x01\r\nnop read p
ending data:0x01\r\nnop read pending data:0x01\r\nnop read pending data:0x01\r\n
nop read pending data:0x01\r\nnop read pending data:0x01\r\nnop read pending dat
a:0x01\r\nnop read pending data:0x01\r\nnop read pending data:0x01\r\nnop read p
ending data:0x01\r\nnop read pending data:0x01\r\nnop read pending data:0x01\r\n
nop read pending data:0x01\r\nnop read pending data:0x01\r\nnop read pending dat
a:0x01\r\nnop read pending data:0x01\r\nnop read pending data:0x01\r\nnop read p
ending data:0x01\r\nnop read pending data:0x01\r\nWrite itla'
b' ERROR!.\r\nshell> nop read pending data:0x01\r\nnop read pending data:0x01\r\
nnop read pending data:0x01\r\nnop read pending data:0x01\r\nnop read pending da
ta:0x01\r\nnop read pending data:0x01\r\nnop read pending data:0x01\r\nnop read
pending data:0x01\r\nnop read pending data:0x01\r\nnop read pending data:0x01\r\
nnop read pending data:0x01\r\nnop read pending data:0x01\r\nitla_wr 0 0x32 0x08
\nnop read pending data:0x01\r\nnop read pending data:0x01\r\nitla write 0x32 wa
it for pending OK\r\nWrite itla'
b' OK!.\r\nreg:0x32=0x8.\r\nshell> cpld_wr 0x7f 0x8\ncpld addr:0x7f <- 0x8\r\nsh
ell> '
b'set_adj 3 102\n'
b'shell> set_adj 4 104\n'
b'shell> en_adj 3 1\nshell> '
b'en_adj 4 1\nshell> '
b'\nshell> '
b'\nshell> '
board power on!

In [38]: board_set(obj,f2)
b'fs400_drv_read 0x0401\n\r\n0x00ff 0x00ff 0x00e0 0x00cf \r\nshell> '
b'fs400_tia_read 0x0001\n\r\n0x00ff 0x00ff 0x00e0 0x00cf \r\nshell> '
b'cpld_wr 0x7f 0x8\ncpld addr:0x7f <- 0x8\r\nshell> '
b'set_adj 1 100\n'
b'shell> en_adj 1 1\nshell> '
b'cpld_wr 0x7f 0x9\ncpld addr:0x7f <- 0x9\r\nshell> '
b'set_adj 5 105\n'
b'shell> en_adj 5 1\nshell> '
b'cpld_wr 0x7f 0x9\ncpld addr:0x7f <- 0x9\r\nshell> '
b'set_adj 6 21\n'
b'shell> en_adj 6 1\nshell> '
b'fs400_drv_write 0x041a 0x0601 1\n\r\n0x00ff 0x00ff 0x00ff 0x00ff \r\nshell> '
b'fs400_drv_write 0x0410 0x0001 1\n\r\n0x00ff 0x00ff 0x00ff 0x00ff \r\nshell> '
b'fs400_drv_write 0x0436 0x0e44 1\n\r\n0x00ff 0x00ff 0x00ff 0x00ff \r\nshell> '
b'fs400_drv_write 0x0422 0x7771 1\n\r\n0x00ff 0x00ff 0x00ff 0x00ff \r\nshell> '
b'fs400_drv_write 0x0522 0x7771 1\n\r\n0x00ff 0x00ff 0x00ff 0x00ff \r\nshell> '
b'fs400_drv_write 0x0622 0x7771 1\n\r\n0x00ff 0x00ff 0x00ff 0x00ff \r\nshell> '
b'fs400_drv_write 0x0722 0x7771 1\n\r\n0x00ff 0x00ff 0x00ff 0x00ff \r\nshell> '
b'fs400_drv_write 0x043c 0x3727 1\n\r\n0x00ff 0x00ff 0x00ff 0x00ff \r\nshell> '
b'fs400_drv_write 0x053c 0x3727 1\n\r\n0x00ff 0x00ff 0x00ff 0x00ff \r\nshell> '
b'fs400_drv_write 0x063c 0x3727 1\n\r\n0x00ff 0x00ff 0x00ff 0x00ff \r\nshell> '
b'fs400_drv_write 0x073c 0x3727 1\n\r\n0x00ff 0x00ff 0x00ff 0x00ff \r\nshell> '
b'fs400_drv_write 0x043e 0x5111 1\n\r\n0x00ff 0x00ff 0x00ff 0x00ff \r\nshell> '
b'fs400_drv_write 0x053e 0x5111 1\n\r\n0x00ff 0x00ff 0x00ff 0x00ff \r\nshell> '
b'fs400_drv_write 0x063e 0x5111 1\n\r\n0x00ff 0x00ff 0x00ff 0x00ff \r\nshell> '
b'fs400_drv_write 0x073e 0x5111 1\n\r\n0x00ff 0x00ff 0x00ff 0x00ff \r\nshell> '
b'fs400_drv_write 0x0424 0x00a0 1\n\r\n0x00ff 0x00ff 0x00ff 0x00ff \r\nshell> '
b'fs400_drv_write 0x0524 0x00a0 1\n\r\n0x00ff 0x00ff 0x00ff 0x00ff \r\nshell> '
b'fs400_drv_write 0x0624 0x00a0 1\n\r\n0x00ff 0x00ff 0x00ff 0x00ff \r\nshell> '
b'fs400_drv_write 0x0724 0x00a0 1\n\r\n0x00ff 0x00ff 0x00ff 0x00ff \r\nshell> '
b'fs400_drv_read 0x0425\n\r\n0x00ff 0x00ff 0x0000 0x00a0 \r\nshell> '
b'fs400_drv_read 0x043f\n\r\n0x00ff 0x00ff 0x0051 0x0011 \r\nshell> '
b'fs400_drv_read 0x043d\n\r\n0x00ff 0x00ff 0x0037 0x0027 \r\nshell> '
b'fs400_drv_read 0x0423\n\r\n0x00ff 0x00ff 0x0077 0x0071 \r\nshell> '
b'fs400_drv_read 0x0525\n\r\n0x00ff 0x00ff 0x0000 0x00a0 \r\nshell> '
b'fs400_drv_read 0x053f\n\r\n0x00ff 0x00ff 0x0051 0x0011 \r\nshell> '
b'fs400_drv_read 0x053d\n\r\n0x00ff 0x00ff 0x0037 0x0027 \r\nshell> '
b'fs400_drv_read 0x0523\n\r\n0x00ff 0x00ff 0x0077 0x0071 \r\nshell> '
b'fs400_drv_read 0x0625\n\r\n0x00ff 0x00ff 0x0000 0x00a0 \r\nshell> '
b'fs400_drv_read 0x063f\n\r\n0x00ff 0x00ff 0x0051 0x0011 \r\nshell> '
b'fs400_drv_read 0x063d\n\r\n0x00ff 0x00ff 0x0037 0x0027 \r\nshell> '
b'fs400_drv_read 0x0623\n\r\n0x00ff 0x00ff 0x0077 0x0071 \r\nshell> '
b'fs400_drv_read 0x0725\n\r\n0x00ff 0x00ff 0x0000 0x00a0 \r\nshell> '
b'fs400_drv_read 0x073f\n\r\n0x00ff 0x00ff 0x0051 0x0011 \r\nshell> '
b'fs400_drv_read 0x073d\n\r\n0x00ff 0x00ff 0x0037 0x0027 \r\nshell> '
b'fs400_drv_read 0x0723\n\r\n0x00ff 0x00ff 0x0077 0x0071 \r\nshell> '
b'cpld_wr 0x7f 0x9\ncpld addr:0x7f <- 0x9\r\nshell> '
b'set_adj 5 50\n'
b'shell> en_adj 5 1\nshell> '
b'set_adj 5 45\n'
b'shell> set_adj 5 41\n'
b'shell> set_adj 5 38\n'
b'shell> set_adj 5 35\n'
b'shell> set_adj 5 32\n'
b'shell> set_adj 5 28\n'
b'shell> set_adj 5 25\n'
b'shell> cpld_wr 0x7f 0x8\ncpld addr:0x7f <- 0x8\r\nshell> '
b'set_adj 1 93\n'
b'shell> en_adj 1 1\nshell> '
b'\nshell> '
Driver power on!

In [39]: obj.CtrlB.write(b'fs400_drv_read 0x0401\n');time.sleep(0.2)

In [40]: obj.CtrlB.read_all()
Out[40]: b'fs400_drv_read 0x0401\n\r\n0x00ff 0x00ff 0x00e0 0x00cf \r\nshell> '

In [41]: obj.CtrlB.write(b'fs400_drv_read 0x0405\n');time.sleep(0.2)

In [42]: obj.CtrlB.read_all()
Out[42]: b'fs400_drv_read 0x0405\n\r\n0x00ff 0x00ff 0x0019 0x004a \r\nshell> '

In [43]: obj.CtrlB.write(b'fs400_drv_read 0x0409\n');time.sleep(0.2)

In [44]: obj.CtrlB.read_all()
Out[44]: b'fs400_drv_read 0x0409\n\r\n0x00ff 0x00ff 0x0044 0x0031 \r\nshell> '

In [45]: obj.CtrlB.write(b'fs400_tia_read 0x0001\n');time.sleep(0.2)

In [46]: obj.CtrlB.read_all()
Out[46]: b'fs400_tia_read 0x0001\n\r\n0x00ff 0x00ff 0x00e0 0x00cf \r\nshell> '

In [47]: obj.CtrlB.write(b'fs400_tia_read 0x0005\n');time.sleep(0.2)

In [48]: obj.CtrlB.read_all()
Out[48]: b'fs400_tia_read 0x0005\n\r\n0x00ff 0x00ff 0x0040 0x0014 \r\nshell> '

In [49]: obj.CtrlB.write(b'fs400_tia_read 0x0009\n');time.sleep(0.2)

In [50]: obj.CtrlB.read_all()
Out[50]: b'fs400_tia_read 0x0009\n\r\n0x00ff 0x00ff 0x0043 0x0003 \r\nshell> '

In [51]: obj.CtrlB.write(b'fs400_eep_arg_save 1 0\n')
Out[51]: 23

In [52]: obj.CtrlB.read_all()
Out[52]: b'fs400_eep_arg_save 1 0\n'

In [53]: obj.CtrlB.read_all()
Out[53]: b'Save ok!\r\nend \r\nshell> '

In [54]: obj.CtrlB.write(b'fs400_eep_arg_save 1 0\n')
Out[54]: 23

In [55]: obj.CtrlB.read_until(b'Save ok')
Out[55]: b'fs400_eep_arg_save 1 0\nSave ok'

In [56]: obj.CtrlB.write(b'fs400_eep_arg_read 1 0\n')
Out[56]: 23

In [57]: obj.CtrlB.read_until(b'Check ok')
Out[57]: b'!\r\nend \r\nshell> fs400_eep_arg_read 1 0\nadd:  00 | 01 | 02 | 03 |
 04 | 05 | 06 | 07  \r\n000: 0x00 0x00 0x00 0x00 0x00 0x00 0x00 0x00 \r\n008: 0x
00 0x00 0x00 0x00 0x00 0x00 0x00 0x00 \r\n016: 0x00 0x00 0x00 0x00 0x00 0x00 0x0
0 0x00 \r\n024: 0x00 0x00 0x00 0x00 0x00 0x00 0x00 0x00 \r\n032: 0x00 0x00 0x00
0x00 0x00 0x00 0x00 0x00 \r\n040: 0x00 0x00 0x00 0x00 0x00 0x00 0x00 0x00 \r\n04
8: 0x00 0x00 0x00 0x00 0x00 0x00 0x00 0x00 \r\n056: 0x00 0x00 0x00 0x00 0xf7 0x7
6 0xed 0xfb \r\npage_0 crc check ok\r\nend \r\n\r\nend \r\nshell> '

In [58]: obj.CtrlB.write(b'fs400_set_eep_tia_ver 0x0 0xe0cf 0x4014 0x4303\n')
Out[58]: 47

In [59]: obj.CtrlB.write(b'fs400_eep_arg_save 1 0\n')
Out[59]: 23

In [60]: obj.CtrlB.read_until(b'Save ok')
Out[60]: b'fs400_set_eep_tia_ver 0x0 0xe0cf 0x4014 0x4303\nset tia type: 0 ,ver:
 0xe0cf 0x4014 0x4303 \r\nend \r\nshell> fs400_eep_arg_save 1 0\nSave ok'

In [61]: obj.CtrlB.write(b'fs400_eep_arg_read 1 0\n')
Out[61]: 23

In [62]: obj.CtrlB.read_until(b'Check ok')
Out[62]: b'!\r\nend \r\nshell> fs400_eep_arg_read 1 0\nadd:  00 | 01 | 02 | 03 |
 04 | 05 | 06 | 07  \r\n000: 0x00 0x00 0x00 0x00 0x00 0x00 0x00 0x00 \r\n008: 0x
00 0x00 0x00 0x00 0x00 0x00 0x00 0x00 \r\n016: 0x00 0x00 0x00 0x0e 0x00 0x00 0x0
0 0x00 \r\n024: 0x00 0x00 0x00 0x00 0xcf 0xe0 0x14 0x40 \r\n032: 0x03 0x43 0x00
0x00 0x00 0x00 0x00 0x00 \r\n040: 0x00 0x00 0x00 0x00 0x00 0x00 0x00 0x00 \r\n04
8: 0x00 0x00 0x00 0x00 0x00 0x00 0x00 0x00 \r\n056: 0x00 0x00 0x00 0x00 0xf0 0x3
3 0xcb 0xfd \r\npage_0 crc check ok\r\nend \r\n\r\nend \r\nshell> '

In [63]:
b'fpga_spi_wr 0x78 0 1\nWrite FPGA OK!.\r\nreg:0x0078=0x1(1).\r\nshell> '
b'itla_wr 0 0x32 0\n'
b'Write itla OK!.\r\nreg:0x32=0x0.\r\nshell> itla_wr 0 0x34 0x02ee\nWrite itla O
K!.\r\nreg:0x34=0x2ee.\r\nshell> '
b'itla_wr 0 0x35 0xbf\n'
b'Write itla OK!.\r\nreg:0x35=0xbf.\r\nshell> itla_wr 0 0x36 3125\nWrite itla OK
!.\r\nreg:0x36=0xc35.\r\nshell> '
b'itla_wr 0 0x31 0x5dc\nWrite itla OK!.\r\nreg:0x31=0x5dc.\r\nshell> '
b'itla_wr 0 0x32 0x08\nitla write 0x32 wait for pending \r\nnop read pending dat
a:0x01\r\nnop read pending data:0x01\r\nnop read pending data:0x01\r\nnop read p
ending data:0x01\r\nnop read pending data:0x01\r\nnop read pending data:0x01\r\n
nop read pending data:0x01\r\nnop read pending data:0x01\r\nnop read pending dat
a:0x01\r\nnop read pending data:0x01\r\nnop read pending data:0x01\r\nnop read p
ending data:0x01\r\nnop read pending data:0x01\r\nnop read pending data:0x01\r\n
nop read pending data:0x01\r\nnop read pending data:0x01\r\nnop read pending dat
a:0x01\r\nnop read pending data:0x01\r\nnop read pending data:0x01\r\nnop read p
ending data:0x01\r\nnop read pending data:0x01\r\nnop read pending data:0x01\r\n
nop read pending data:0x01\r\nnop read pending data:0x01\r\nnop read pending dat
a:0x01\r\nnop read pending data:0x01\r\nnop read pending data:0x01\r\nnop read p
ending data:0x01\r\nnop read pending data:0x01\r\nnop read pending data:0x01\r\n
nop read pending data:0x01\r\nnop read pending data:0x01\r\nnop read pending dat
a:0x01\r\nnop read pending data:0x01\r\nnop read pending data:0x01\r\nnop read p
ending data:0x01\r\nnop read pending data:0x01\r\nnop read pending data:0x01\r\n
nop read pending data:0x01\r\nnop read pending data:0x01\r\nnop read pending dat
a:0x01\r\nnop read pending data:0x01\r\nnop read pending data:0x01\r\nnop read p
ending data:0x01\r\nnop read pending data:0x01\r\nWrite itla'
b' ERROR!.\r\nshell> nop read pending data:0x01\r\nnop read pending data:0x01\r\
nnop read pending data:0x01\r\nnop read pending data:0x01\r\nnop read pending da
ta:0x01\r\nnop read pending data:0x01\r\nnop read pending data:0x01\r\nnop read
pending data:0x01\r\nnop read pending data:0x01\r\nnop read pending data:0x01\r\
nnop read pending data:0x01\r\nnop read pending data:0x01\r\nitla_wr 0 0x32 0x08
\nnop read pending data:0x01\r\nnop read pending data:0x01\r\nitla write 0x32 wa
it for pending OK\r\nWrite itla'
b' OK!.\r\nreg:0x32=0x8.\r\nshell> cpld_wr 0x7f 0x8\ncpld addr:0x7f <- 0x8\r\nsh
ell> '
b'set_adj 3 102\n'
b'shell> set_adj 4 104\n'
b'shell> en_adj 3 1\nshell> '
b'en_adj 4 1\nshell> '
b'\nshell> '
b'\nshell> '
board power on!

In [38]: board_set(obj,f2)
b'fs400_drv_read 0x0401\n\r\n0x00ff 0x00ff 0x00e0 0x00cf \r\nshell> '
b'fs400_tia_read 0x0001\n\r\n0x00ff 0x00ff 0x00e0 0x00cf \r\nshell> '
b'cpld_wr 0x7f 0x8\ncpld addr:0x7f <- 0x8\r\nshell> '
b'set_adj 1 100\n'
b'shell> en_adj 1 1\nshell> '
b'cpld_wr 0x7f 0x9\ncpld addr:0x7f <- 0x9\r\nshell> '
b'set_adj 5 105\n'
b'shell> en_adj 5 1\nshell> '
b'cpld_wr 0x7f 0x9\ncpld addr:0x7f <- 0x9\r\nshell> '
b'set_adj 6 21\n'
b'shell> en_adj 6 1\nshell> '
b'fs400_drv_write 0x041a 0x0601 1\n\r\n0x00ff 0x00ff 0x00ff 0x00ff \r\nshell> '
b'fs400_drv_write 0x0410 0x0001 1\n\r\n0x00ff 0x00ff 0x00ff 0x00ff \r\nshell> '
b'fs400_drv_write 0x0436 0x0e44 1\n\r\n0x00ff 0x00ff 0x00ff 0x00ff \r\nshell> '
b'fs400_drv_write 0x0422 0x7771 1\n\r\n0x00ff 0x00ff 0x00ff 0x00ff \r\nshell> '
b'fs400_drv_write 0x0522 0x7771 1\n\r\n0x00ff 0x00ff 0x00ff 0x00ff \r\nshell> '
b'fs400_drv_write 0x0622 0x7771 1\n\r\n0x00ff 0x00ff 0x00ff 0x00ff \r\nshell> '
b'fs400_drv_write 0x0722 0x7771 1\n\r\n0x00ff 0x00ff 0x00ff 0x00ff \r\nshell> '
b'fs400_drv_write 0x043c 0x3727 1\n\r\n0x00ff 0x00ff 0x00ff 0x00ff \r\nshell> '
b'fs400_drv_write 0x053c 0x3727 1\n\r\n0x00ff 0x00ff 0x00ff 0x00ff \r\nshell> '
b'fs400_drv_write 0x063c 0x3727 1\n\r\n0x00ff 0x00ff 0x00ff 0x00ff \r\nshell> '
b'fs400_drv_write 0x073c 0x3727 1\n\r\n0x00ff 0x00ff 0x00ff 0x00ff \r\nshell> '
b'fs400_drv_write 0x043e 0x5111 1\n\r\n0x00ff 0x00ff 0x00ff 0x00ff \r\nshell> '
b'fs400_drv_write 0x053e 0x5111 1\n\r\n0x00ff 0x00ff 0x00ff 0x00ff \r\nshell> '
b'fs400_drv_write 0x063e 0x5111 1\n\r\n0x00ff 0x00ff 0x00ff 0x00ff \r\nshell> '
b'fs400_drv_write 0x073e 0x5111 1\n\r\n0x00ff 0x00ff 0x00ff 0x00ff \r\nshell> '
b'fs400_drv_write 0x0424 0x00a0 1\n\r\n0x00ff 0x00ff 0x00ff 0x00ff \r\nshell> '
b'fs400_drv_write 0x0524 0x00a0 1\n\r\n0x00ff 0x00ff 0x00ff 0x00ff \r\nshell> '
b'fs400_drv_write 0x0624 0x00a0 1\n\r\n0x00ff 0x00ff 0x00ff 0x00ff \r\nshell> '
b'fs400_drv_write 0x0724 0x00a0 1\n\r\n0x00ff 0x00ff 0x00ff 0x00ff \r\nshell> '
b'fs400_drv_read 0x0425\n\r\n0x00ff 0x00ff 0x0000 0x00a0 \r\nshell> '
b'fs400_drv_read 0x043f\n\r\n0x00ff 0x00ff 0x0051 0x0011 \r\nshell> '
b'fs400_drv_read 0x043d\n\r\n0x00ff 0x00ff 0x0037 0x0027 \r\nshell> '
b'fs400_drv_read 0x0423\n\r\n0x00ff 0x00ff 0x0077 0x0071 \r\nshell> '
b'fs400_drv_read 0x0525\n\r\n0x00ff 0x00ff 0x0000 0x00a0 \r\nshell> '
b'fs400_drv_read 0x053f\n\r\n0x00ff 0x00ff 0x0051 0x0011 \r\nshell> '
b'fs400_drv_read 0x053d\n\r\n0x00ff 0x00ff 0x0037 0x0027 \r\nshell> '
b'fs400_drv_read 0x0523\n\r\n0x00ff 0x00ff 0x0077 0x0071 \r\nshell> '
b'fs400_drv_read 0x0625\n\r\n0x00ff 0x00ff 0x0000 0x00a0 \r\nshell> '
b'fs400_drv_read 0x063f\n\r\n0x00ff 0x00ff 0x0051 0x0011 \r\nshell> '
b'fs400_drv_read 0x063d\n\r\n0x00ff 0x00ff 0x0037 0x0027 \r\nshell> '
b'fs400_drv_read 0x0623\n\r\n0x00ff 0x00ff 0x0077 0x0071 \r\nshell> '
b'fs400_drv_read 0x0725\n\r\n0x00ff 0x00ff 0x0000 0x00a0 \r\nshell> '
b'fs400_drv_read 0x073f\n\r\n0x00ff 0x00ff 0x0051 0x0011 \r\nshell> '
b'fs400_drv_read 0x073d\n\r\n0x00ff 0x00ff 0x0037 0x0027 \r\nshell> '
b'fs400_drv_read 0x0723\n\r\n0x00ff 0x00ff 0x0077 0x0071 \r\nshell> '
b'cpld_wr 0x7f 0x9\ncpld addr:0x7f <- 0x9\r\nshell> '
b'set_adj 5 50\n'
b'shell> en_adj 5 1\nshell> '
b'set_adj 5 45\n'
b'shell> set_adj 5 41\n'
b'shell> set_adj 5 38\n'
b'shell> set_adj 5 35\n'
b'shell> set_adj 5 32\n'
b'shell> set_adj 5 28\n'
b'shell> set_adj 5 25\n'
b'shell> cpld_wr 0x7f 0x8\ncpld addr:0x7f <- 0x8\r\nshell> '
b'set_adj 1 93\n'
b'shell> en_adj 1 1\nshell> '
b'\nshell> '
Driver power on!

In [39]: obj.CtrlB.write(b'fs400_drv_read 0x0401\n');time.sleep(0.2)

In [40]: obj.CtrlB.read_all()
Out[40]: b'fs400_drv_read 0x0401\n\r\n0x00ff 0x00ff 0x00e0 0x00cf \r\nshell> '

In [41]: obj.CtrlB.write(b'fs400_drv_read 0x0405\n');time.sleep(0.2)

In [42]: obj.CtrlB.read_all()
Out[42]: b'fs400_drv_read 0x0405\n\r\n0x00ff 0x00ff 0x0019 0x004a \r\nshell> '

In [43]: obj.CtrlB.write(b'fs400_drv_read 0x0409\n');time.sleep(0.2)

In [44]: obj.CtrlB.read_all()
Out[44]: b'fs400_drv_read 0x0409\n\r\n0x00ff 0x00ff 0x0044 0x0031 \r\nshell> '

In [45]: obj.CtrlB.write(b'fs400_tia_read 0x0001\n');time.sleep(0.2)

In [46]: obj.CtrlB.read_all()
Out[46]: b'fs400_tia_read 0x0001\n\r\n0x00ff 0x00ff 0x00e0 0x00cf \r\nshell> '

In [47]: obj.CtrlB.write(b'fs400_tia_read 0x0005\n');time.sleep(0.2)

In [48]: obj.CtrlB.read_all()
Out[48]: b'fs400_tia_read 0x0005\n\r\n0x00ff 0x00ff 0x0040 0x0014 \r\nshell> '

In [49]: obj.CtrlB.write(b'fs400_tia_read 0x0009\n');time.sleep(0.2)

In [50]: obj.CtrlB.read_all()
Out[50]: b'fs400_tia_read 0x0009\n\r\n0x00ff 0x00ff 0x0043 0x0003 \r\nshell> '

In [51]: obj.CtrlB.write(b'fs400_eep_arg_save 1 0\n')
Out[51]: 23

In [52]: obj.CtrlB.read_all()
Out[52]: b'fs400_eep_arg_save 1 0\n'

In [53]: obj.CtrlB.read_all()
Out[53]: b'Save ok!\r\nend \r\nshell> '

In [54]: obj.CtrlB.write(b'fs400_eep_arg_save 1 0\n')
Out[54]: 23

In [55]: obj.CtrlB.read_until(b'Save ok')
Out[55]: b'fs400_eep_arg_save 1 0\nSave ok'

In [56]: obj.CtrlB.write(b'fs400_eep_arg_read 1 0\n')
Out[56]: 23

In [57]: obj.CtrlB.read_until(b'Check ok')
Out[57]: b'!\r\nend \r\nshell> fs400_eep_arg_read 1 0\nadd:  00 | 01 | 02 | 03 |
 04 | 05 | 06 | 07  \r\n000: 0x00 0x00 0x00 0x00 0x00 0x00 0x00 0x00 \r\n008: 0x
00 0x00 0x00 0x00 0x00 0x00 0x00 0x00 \r\n016: 0x00 0x00 0x00 0x00 0x00 0x00 0x0
0 0x00 \r\n024: 0x00 0x00 0x00 0x00 0x00 0x00 0x00 0x00 \r\n032: 0x00 0x00 0x00
0x00 0x00 0x00 0x00 0x00 \r\n040: 0x00 0x00 0x00 0x00 0x00 0x00 0x00 0x00 \r\n04
8: 0x00 0x00 0x00 0x00 0x00 0x00 0x00 0x00 \r\n056: 0x00 0x00 0x00 0x00 0xf7 0x7
6 0xed 0xfb \r\npage_0 crc check ok\r\nend \r\n\r\nend \r\nshell> '

In [58]: obj.CtrlB.write(b'fs400_set_eep_tia_ver 0x0 0xe0cf 0x4014 0x4303\n')
Out[58]: 47

In [59]: obj.CtrlB.write(b'fs400_eep_arg_save 1 0\n')
Out[59]: 23

In [60]: obj.CtrlB.read_until(b'Save ok')
Out[60]: b'fs400_set_eep_tia_ver 0x0 0xe0cf 0x4014 0x4303\nset tia type: 0 ,ver:
 0xe0cf 0x4014 0x4303 \r\nend \r\nshell> fs400_eep_arg_save 1 0\nSave ok'

In [61]: obj.CtrlB.write(b'fs400_eep_arg_read 1 0\n')
Out[61]: 23

In [62]: obj.CtrlB.read_until(b'Check ok')
Out[62]: b'!\r\nend \r\nshell> fs400_eep_arg_read 1 0\nadd:  00 | 01 | 02 | 03 |
 04 | 05 | 06 | 07  \r\n000: 0x00 0x00 0x00 0x00 0x00 0x00 0x00 0x00 \r\n008: 0x
00 0x00 0x00 0x00 0x00 0x00 0x00 0x00 \r\n016: 0x00 0x00 0x00 0x0e 0x00 0x00 0x0
0 0x00 \r\n024: 0x00 0x00 0x00 0x00 0xcf 0xe0 0x14 0x40 \r\n032: 0x03 0x43 0x00
0x00 0x00 0x00 0x00 0x00 \r\n040: 0x00 0x00 0x00 0x00 0x00 0x00 0x00 0x00 \r\n04
8: 0x00 0x00 0x00 0x00 0x00 0x00 0x00 0x00 \r\n056: 0x00 0x00 0x00 0x00 0xf0 0x3
3 0xcb 0xfd \r\npage_0 crc check ok\r\nend \r\n\r\nend \r\nshell> '

In [63]: vpi=8.42

In [64]: cyc=str(round(vpi*100))

In [65]: cyc
Out[65]: '842'

In [66]: vpi=8.429834839884

In [67]: cyc=str(round(vpi*100))

In [68]: cyc
Out[68]: '843'

In [69]: vbias=[1740,1855,1790,1757,1390,1926]

In [70]: vpi=4.81

In [71]: vcode=''
    ...: for i in range(6):
    ...:     vcode+=str((round(vbias[i]/4095*3.3*10000)))+','
    ...:

In [72]: vcode
Out[72]: '14022,14949,14425,14159,11201,15521,'

In [73]: obj.CtrlB.write(b'fs400_set_eep_vbias '+vcode[:-1].encode('utf-8')+b'\
    ...: n');time.sleep(0.2)

In [74]: obj.CtrlB.read_all()
Out[74]: b'fs400_set_eep_vbias 14022,14949,14425,14159,11201,15521\nset vbias: 0
x36c6 0x0000 0x0000 0x0000 0x0000 0x0000 \r\nend \r\nshell> '

In [75]: cyc=str(round(vpi*100))

In [76]: obj.CtrlB.write(b'fs400_set_eep_limit_cycle  25500, '+cyc.encode('utf-
    ...: 8')+b'\n');time.sleep(0.2)

In [77]: obj.CtrlB.read_all()
Out[77]: b'fs400_set_eep_limit_cycle  25500, 481\nset vbias_up_limit: 25500\r\ns
et vbias_cycle: 481\r\nend \r\nshell> '

In [78]: obj.CtrlB.write(b'fs400_set_eep_abc_th_value 650 300\n');time.sleep(0.
    ...: 2)

In [79]: obj.CtrlB.read_all()
Out[79]: b'fs400_set_eep_abc_th_value 650 300\nset abc_th_value 1: 650\r\nset ab
c_th_value 2: 300\r\nend \r\nshell> '

In [80]: obj.CtrlB.write(b'fs400_drv_read 0x0427\n');time.sleep(0.2)

In [81]: obj.CtrlB.read_all()
Out[81]: b'fs400_drv_read 0x0427\n\r\n0x00ff 0x00ff 0x0000 0x0000 \r\nshell> '

In [82]: obj.CtrlB.write(b'fs400_drv_read 0x0527\n');time.sleep(0.2)

In [83]: obj.CtrlB.read_all()
Out[83]: b'fs400_drv_read 0x0527\n\r\n0x00ff 0x00ff 0x0000 0x0000 \r\nshell> '

In [84]: obj.CtrlB.write(b'fs400_drv_read 0x0627\n');time.sleep(0.2)

In [85]: obj.CtrlB.read_all()
Out[85]: b'fs400_drv_read 0x0627\n\r\n0x00ff 0x00ff 0x0000 0x0000 \r\nshell> '

In [86]: obj.CtrlB.write(b'fs400_drv_read 0x0727\n');time.sleep(0.2)

In [87]: obj.CtrlB.read_all()
Out[87]: b'fs400_drv_read 0x0727\n\r\n0x00ff 0x00ff 0x0000 0x0000 \r\nshell> '

In [88]: obj.CtrlB.write(b'fs400_set_eep_drv_pdk 0x1122 0x1122 0x1122 0x1122\n'
    ...: )
Out[88]: 50

In [89]: obj.CtrlB.write(b'fs400_eep_arg_save 1 1\n');time.sleep(0.2)

In [90]: obj.CtrlB.read_until(b'Save ok')
Out[90]: b'fs400_set_eep_drv_pdk 0x1122 0x1122 0x1122 0x1122\nset drv_pdk_xi: 43
86\r\nset drv_pdk_xq: 4386\r\nset drv_pdk_yi: 4386\r\nset drv_pdk_yq: 4386\r\nen
d \r\nshell> fs400_eep_arg_save 1 1\nSave ok'

In [91]: obj.CtrlB.write(b'fs400_eep_arg_read 1 0\n')
Out[91]: 23

In [92]: obj.CtrlB.read_until(b'Check ok')
Out[92]: b'!\r\nend \r\nshell> fs400_eep_arg_read 1 0\nadd:  00 | 01 | 02 | 03 |
 04 | 05 | 06 | 07  \r\n000: 0x00 0x00 0x00 0x00 0x00 0x00 0x00 0x00 \r\n008: 0x
00 0x00 0x00 0x00 0x00 0x00 0x00 0x00 \r\n016: 0x00 0x00 0x00 0x0e 0x00 0x00 0x0
0 0x00 \r\n024: 0x00 0x00 0x00 0x00 0xcf 0xe0 0x14 0x40 \r\n032: 0x03 0x43 0x00
0x00 0x00 0x00 0x00 0x00 \r\n040: 0x00 0x00 0x00 0x00 0x00 0x00 0x00 0x00 \r\n04
8: 0x00 0x00 0x00 0x00 0x00 0x00 0x00 0x00 \r\n056: 0x00 0x00 0x00 0x00 0xf0 0x3
3 0xcb 0xfd \r\npage_0 crc check ok\r\nend \r\n\r\nend \r\nshell> '

In [93]: obj.CtrlB.write(b'fs400_drv_read 0x0427\n');time.sleep(0.2)

In [94]: obj.CtrlB.read_all()
Out[94]: b'fs400_drv_read 0x0427\n\r\n0x00ff 0x00ff 0x0000 0x00df \r\nshell> '

In [95]: obj.CtrlB.write(b'fs400_drv_read 0x0527\n');time.sleep(0.2)

In [96]: obj.CtrlB.read_all()
Out[96]: b'fs400_drv_read 0x0527\n\r\n0x00ff 0x00ff 0x0000 0x00d2 \r\nshell> '

In [97]: obj.CtrlB.write(b'fs400_drv_read 0x0627\n');time.sleep(0.2)

In [98]: obj.CtrlB.read_all()
Out[98]: b'fs400_drv_read 0x0627\n\r\n0x00ff 0x00ff 0x0000 0x00e1 \r\nshell> '

In [99]: obj.CtrlB.write(b'fs400_drv_read 0x0727\n');time.sleep(0.2)

In [100]: obj.CtrlB.read_all()
Out[100]: b'fs400_drv_read 0x0727\n\r\n0x00ff 0x00ff 0x0001 0x0008 \r\nshell> '

In [102]: obj.CtrlB.write(b'fs400_eep_arg_save 1 1\n')
Out[102]: 23

In [103]: obj.CtrlB.write(b'fs400_eep_arg_read 1 0\n')
Out[103]: 23

In [104]: obj.CtrlB.read_all()
Out[104]: b'fs400_set_eep_drv_pdk 0x1122 0x1122 0x1122 0x1122\nset drv_pdk_xi: 4
386\r\nset drv_pdk_xq: 4386\r\nset drv_pdk_yi: 4386\r\nset drv_pdk_yq: 4386\r\ne
nd \r\nshell> fs400_eep_arg_save 1 1\nSave ok!\r\nend \r\nshell> fs400_eep_arg_r
ead 1 0\nadd:  00 | 01 | 02 | 03 | 04 | 05 | 06 | 07  \r\n000: 0x00 0x00 0x00 0x
00 0x00 0x00 0x00 0x00 \r\n008: 0x00 0x00 0x00 0x00 0x00 0x00 0x00 0x00 \r\n016:
 0x00 0x00 0x00 0x0e 0x00 0x00 0x00 0x00 \r\n024: 0x00 0x00 0x00 0x00 0xcf 0xe0
0x14 0x40 \r\n032: 0x03 0x43 0x00 0x00 0x00 0x00 0x00 0x00 \r\n040: 0x00 0x00 0x
00 0x00 0x00 0x00 0x00 0x00 \r\n048: 0x00 0x00 0x00 0x00 0x00 0x00 0x00 0x00 \r\
n056: 0x00 0x00 0x00 0x00 0xf0 0x33 0xcb 0xfd \r\npage_0 crc check ok\r\nend \r\
n\r\nend \r\nshell> '

In [105]: obj.CtrlB.write(b'fs400_eep_arg_read 1 1\n')
Out[105]: 23

In [106]: obj.CtrlB.read_all()
Out[106]: b'fs400_eep_arg_read 1 1\nadd:  00 | 01 | 02 | 03 | 04 | 05 | 06 | 07
 \r\n064: 0x00 0x14 0xc6 0x36 0x00 0x00 0x00 0x00 \r\n072: 0x00 0x00 0x00 0x00 0
x00 0x00 0x9c 0x63 \r\n080: 0xe1 0x01 0x8a 0x02 0x2c 0x01 0x00 0x00 \r\n088: 0x0
0 0x00 0x00 0x00 0x00 0x00 0x00 0x00 \r\n096: 0x00 0x00 0x00 0x00 0x00 0x00 0x00
 0x00 \r\n104: 0x00 0x00 0x00 0x00 0x00 0x00 0x00 0x00 \r\n112: 0x00 0x00 0x00 0
x00 0x22 0x11 0x22 0x11 \r\n120: 0x22 0x11 0x22 0x11 0x96 0xc0 0x59 0x61 \r\npag
e_1 crc check ok\r\nend \r\n\r\nend \r\nshell> '

In [107]: obj.CtrlB.write(b'fs400_set_eep_drv_ver 0x0 0xe0cf 0x194a 0x4431\n')
Out[107]: 47

In [108]: obj.CtrlB.write(b'fs400_eep_arg_save 1 0\n')
Out[108]: 23

In [109]: obj.CtrlB.write(b'fs400_eep_arg_read 1 0\n')
Out[109]: 23

In [110]: obj.CtrlB.read_all()
Out[110]: b'fs400_set_eep_drv_ver 0x0 0xe0cf 0x194a 0x4431\nset drv type: 0 ,ver
: 0xe0cf 0x194a 0x4431 \r\nend \r\nshell> fs400_eep_arg_save 1 0\nSave ok!\r\nen
d \r\nshell> fs400_eep_arg_read 1 0\nadd:  00 | 01 | 02 | 03 | 04 | 05 | 06 | 07
  \r\n000: 0x00 0x00 0x00 0x00 0x00 0x00 0x00 0x00 \r\n008: 0x00 0x00 0x00 0x00
0x00 0x00 0x00 0x00 \r\n016: 0x00 0x00 0x00 0x0f 0x00 0xcf 0xe0 0x4a \r\n024: 0x
19 0x31 0x44 0x00 0xcf 0xe0 0x14 0x40 \r\n032: 0x03 0x43 0x00 0x00 0x00 0x00 0x0
0 0x00 \r\n040: 0x00 0x00 0x00 0x00 0x00 0x00 0x00 0x00 \r\n048: 0x00 0x00 0x00
0x00 0x00 0x00 0x00 0x00 \r\n056: 0x00 0x00 0x00 0x00 0x3c 0xa2 0x3c 0x5a \r\npa
ge_0 crc check ok\r\nend \r\n\r\nend \r\nshell> '

In [111]: obj.CtrlB.write(b'ver\n')
Out[111]: 4

In [112]: obj.CtrlB.read_all()
Out[112]: b'ver\nshell> '

In [113]: obj.CtrlB.read_all()
Out[113]: b''

In [114]: obj.CtrlB.write(b'ver\n')
Out[114]: 4

In [115]: obj.CtrlB.read_all()
Out[115]: b'ver\nshell> '

In [116]: obj.CtrlB.read_all()
Out[116]: b''

In [117]: obj.CtrlB.close()

In [118]: obj.CtrlB.open()

In [119]:

In [224]: obj.CtrlB.write(b'fs400_eep_arg_read 1 0\n')
Out[224]: 23

In [225]: obj.CtrlB.read_all
Out[225]: <bound method SerialBase.read_all of Serial<id=0xa7351f0, open=True>(p
ort='com22', baudrate=115200, bytesize=8, parity='N', stopbits=1, timeout=10, xo
nxoff=False, rtscts=False, dsrdtr=False)>

In [226]: obj.CtrlB.read_all()
Out[226]: b'fs400_eep_arg_read 1 0\nadd:  00 | 01 | 02 | 03 | 04 | 05 | 06 | 07
 \r\n000: 0x00 0x00 0x00 0x00 0x00 0x00 0x00 0x00 \r\n008: 0x00 0x00 0x00 0x00 0
x00 0x00 0x00 0x00 \r\n016: 0x00 0x00 0x00 0x0e 0x00 0xcf 0xe0 0x4a \r\n024: 0x1
9 0x31 0x44 0x00 0xae 0x04 0x14 0x40 \r\n032: 0x03 0x43 0x00 0x00 0x00 0x00 0x00
 0x00 \r\n040: 0x00 0x00 0x00 0x00 0x00 0x00 0x00 0x00 \r\n048: 0x00 0x00 0x00 0
x00 0x00 0x00 0x00 0x00 \r\n056: 0x00 0x00 0x00 0x00 0x22 0xa7 0x1d 0x21 \r\npag
e_0 crc check ok\r\nend \r\n\r\nend \r\nshell> '

In [227]: obj.CtrlB.write(b'fs400_eep_arg_read 1 1\n')
Out[227]: 23

In [228]: obj.CtrlB.read_all()
Out[228]: b'fs400_eep_arg_read 1 1\nadd:  00 | 01 | 02 | 03 | 04 | 05 | 06 | 07
 \r\n064: 0x00 0x14 0x44 0x31 0xb3 0x2e 0x7b 0x3b \r\n072: 0xbc 0x35 0x55 0x38 0
x82 0x34 0x9c 0x63 \r\n080: 0xf6 0x02 0x8a 0x02 0x2c 0x01 0x00 0x00 \r\n088: 0x0
0 0x00 0x00 0x00 0x00 0x00 0x00 0x00 \r\n096: 0x00 0x00 0x00 0x00 0x00 0x00 0x00
 0x00 \r\n104: 0x00 0x00 0x00 0x00 0x00 0x00 0x00 0x00 \r\n112: 0x00 0x00 0x00 0
x00 0xde 0x00 0xcd 0x00 \r\n120: 0xd7 0x00 0x04 0x01 0x53 0xdd 0x45 0xa4 \r\npag
e_1 crc check ok\r\nend \r\n\r\nend \r\nshell> '

In [229]: obj.CtrlB.write(b'fs400_eep_arg_read 1 3\n')
Out[229]: 23

In [230]: obj.CtrlB.read_all()
Out[230]: b'fs400_eep_arg_read 1 3\nadd:  00 | 01 | 02 | 03 | 04 | 05 | 06 | 07
 \r\n192: 0x1e 0x01 0x02 0x03 0x04 0x05 0x01 0x02 \r\n200: 0x03 0x04 0x05 0x01 0
x02 0x03 0x04 0x05 \r\n208: 0x01 0x02 0x03 0x04 0x05 0x01 0x02 0x03 \r\n216: 0x0
4 0x05 0x01 0x02 0x03 0x04 0x05 0x00 \r\n224: 0x00 0x00 0x00 0x00 0x00 0x00 0x00
 0x00 \r\n232: 0x00 0x00 0x00 0x00 0x00 0x00 0x00 0x00 \r\n240: 0x00 0x00 0x00 0
x00 0x00 0x00 0x00 0x00 \r\n248: 0x00 0x00 0x00 0x00 0x01 0x67 0xe8 0xf8 \r\npag
e_3 crc check ok\r\nend \r\n\r\nend \r\nshell> '
